[2026-03-27 01:23:48] [WARN] [layout.php] $content is missing or not a string — defaulting to empty. | context: {"type_given":"NULL"}
[2026-03-27 01:23:48] [INFO] [layout.php] $content is empty — nothing rendered in dashboard-section.
[2026-03-27 01:23:48] [ERROR] [layout.php] Local JS file not found — skipped. | context: {"path":"../../public/assets/js/super.js?v=20260311","resolved":"../../public/assets/js/super.js?v=20260311"}
[2026-03-27 01:23:48] [ERROR] [layout.php] Local JS file not found — skipped. | context: {"path":"data:text/javascript;base64,d2luZG93Ll9fcGFnZUluaXQgPSBhc3luYyBmdW5jdGlvbiBpbml0T3ZlcnZpZXcoKSB7DQogIC8vIEV4YW1wbGU6IFNldCBjdXJyZW50IGRhdGUNCiAgY29uc3QgZGF0ZUVsID0gZG9jdW1lbnQuZ2V0RWxlbWVudEJ5SWQoJ2N1cnJlbnREYXRlJyk7DQogIGlmIChkYXRlRWwpIHsNCiAgICBjb25zdCB0b2RheSA9IG5ldyBEYXRlKCk7DQogICAgZGF0ZUVsLnRleHRDb250ZW50ID0gdG9kYXkudG9Mb2NhbGVEYXRlU3RyaW5nKCdlbi1VUycsIHsNCiAgICAgIHllYXI6ICdudW1lcmljJywgbW9udGg6ICdsb25nJywgZGF5OiAnbnVtZXJpYycNCiAgICB9KTsNCiAgICBkYXRlRWwuc2V0QXR0cmlidXRlKCdkYXRldGltZScsIHRvZGF5LnRvSVNPU3RyaW5nKCkuc3BsaXQoJ1QnKVswXSk7DQogIH0NCg0KICAvLyBMb2FkIG92ZXJ2aWV3IGRhdGEsIHNhbGVzIGRhdGEsIGV0Yy4gaGVyZQ0KfTs=","resolved":"data:text/javascript;base64,d2luZG93Ll9fcGFnZUluaXQgPSBhc3luYyBmdW5jdGlvbiBpbml0T3ZlcnZpZXcoKSB7DQogIC8vIEV4YW1wbGU6IFNldCBjdXJyZW50IGRhdGUNCiAgY29uc3QgZGF0ZUVsID0gZG9jdW1lbnQuZ2V0RWxlbWVudEJ5SWQoJ2N1cnJlbnREYXRlJyk7DQogIGlmIChkYXRlRWwpIHsNCiAgICBjb25zdCB0b2RheSA9IG5ldyBEYXRlKCk7DQogICAgZGF0ZUVsLnRleHRDb250ZW50ID0gdG9kYXkudG9Mb2NhbGVEYXRlU3RyaW5nKCdlbi1VUycsIHsNCiAgICAgIHllYXI6ICdudW1lcmljJywgbW9udGg6ICdsb25nJywgZGF5OiAnbnVtZXJpYycNCiAgICB9KTsNCiAgICBkYXRlRWwuc2V0QXR0cmlidXRlKCdkYXRldGltZScsIHRvZGF5LnRvSVNPU3RyaW5nKCkuc3BsaXQoJ1QnKVswXSk7DQogIH0NCg0KICAvLyBMb2FkIG92ZXJ2aWV3IGRhdGEsIHNhbGVzIGRhdGEsIGV0Yy4gaGVyZQ0KfTs="}
[2026-03-27 01:24:05] [WARN] [layout.php] $content is missing or not a string — defaulting to empty. | context: {"type_given":"NULL"}
[2026-03-27 01:24:05] [INFO] [layout.php] $content is empty — nothing rendered in dashboard-section.
[2026-03-27 01:24:05] [ERROR] [layout.php] Local JS file not found — skipped. | context: {"path":"../../public/assets/js/super.js?v=20260311","resolved":"../../public/assets/js/super.js?v=20260311"}
[2026-03-27 01:24:05] [ERROR] [layout.php] Local JS file not found — skipped. | context: {"path":"data:text/javascript;base64,d2luZG93Ll9fcGFnZUluaXQgPSBhc3luYyBmdW5jdGlvbiBpbml0T3ZlcnZpZXcoKSB7DQogIC8vIEV4YW1wbGU6IFNldCBjdXJyZW50IGRhdGUNCiAgY29uc3QgZGF0ZUVsID0gZG9jdW1lbnQuZ2V0RWxlbWVudEJ5SWQoJ2N1cnJlbnREYXRlJyk7DQogIGlmIChkYXRlRWwpIHsNCiAgICBjb25zdCB0b2RheSA9IG5ldyBEYXRlKCk7DQogICAgZGF0ZUVsLnRleHRDb250ZW50ID0gdG9kYXkudG9Mb2NhbGVEYXRlU3RyaW5nKCdlbi1VUycsIHsNCiAgICAgIHllYXI6ICdudW1lcmljJywgbW9udGg6ICdsb25nJywgZGF5OiAnbnVtZXJpYycNCiAgICB9KTsNCiAgICBkYXRlRWwuc2V0QXR0cmlidXRlKCdkYXRldGltZScsIHRvZGF5LnRvSVNPU3RyaW5nKCkuc3BsaXQoJ1QnKVswXSk7DQogIH0NCg0KICAvLyBMb2FkIG92ZXJ2aWV3IGRhdGEsIHNhbGVzIGRhdGEsIGV0Yy4gaGVyZQ0KfTs=","resolved":"data:text/javascript;base64,d2luZG93Ll9fcGFnZUluaXQgPSBhc3luYyBmdW5jdGlvbiBpbml0T3ZlcnZpZXcoKSB7DQogIC8vIEV4YW1wbGU6IFNldCBjdXJyZW50IGRhdGUNCiAgY29uc3QgZGF0ZUVsID0gZG9jdW1lbnQuZ2V0RWxlbWVudEJ5SWQoJ2N1cnJlbnREYXRlJyk7DQogIGlmIChkYXRlRWwpIHsNCiAgICBjb25zdCB0b2RheSA9IG5ldyBEYXRlKCk7DQogICAgZGF0ZUVsLnRleHRDb250ZW50ID0gdG9kYXkudG9Mb2NhbGVEYXRlU3RyaW5nKCdlbi1VUycsIHsNCiAgICAgIHllYXI6ICdudW1lcmljJywgbW9udGg6ICdsb25nJywgZGF5OiAnbnVtZXJpYycNCiAgICB9KTsNCiAgICBkYXRlRWwuc2V0QXR0cmlidXRlKCdkYXRldGltZScsIHRvZGF5LnRvSVNPU3RyaW5nKCkuc3BsaXQoJ1QnKVswXSk7DQogIH0NCg0KICAvLyBMb2FkIG92ZXJ2aWV3IGRhdGEsIHNhbGVzIGRhdGEsIGV0Yy4gaGVyZQ0KfTs="}
[2026-03-27 01:24:06] [WARN] [layout.php] $content is missing or not a string — defaulting to empty. | context: {"type_given":"NULL"}
[2026-03-27 01:24:06] [INFO] [layout.php] $content is empty — nothing rendered in dashboard-section.
[2026-03-27 01:24:06] [ERROR] [layout.php] Local JS file not found — skipped. | context: {"path":"../../public/assets/js/super.js?v=20260311","resolved":"../../public/assets/js/super.js?v=20260311"}
[2026-03-27 01:24:06] [ERROR] [layout.php] Local JS file not found — skipped. | context: {"path":"data:text/javascript;base64,d2luZG93Ll9fcGFnZUluaXQgPSBhc3luYyBmdW5jdGlvbiBpbml0T3ZlcnZpZXcoKSB7DQogIC8vIEV4YW1wbGU6IFNldCBjdXJyZW50IGRhdGUNCiAgY29uc3QgZGF0ZUVsID0gZG9jdW1lbnQuZ2V0RWxlbWVudEJ5SWQoJ2N1cnJlbnREYXRlJyk7DQogIGlmIChkYXRlRWwpIHsNCiAgICBjb25zdCB0b2RheSA9IG5ldyBEYXRlKCk7DQogICAgZGF0ZUVsLnRleHRDb250ZW50ID0gdG9kYXkudG9Mb2NhbGVEYXRlU3RyaW5nKCdlbi1VUycsIHsNCiAgICAgIHllYXI6ICdudW1lcmljJywgbW9udGg6ICdsb25nJywgZGF5OiAnbnVtZXJpYycNCiAgICB9KTsNCiAgICBkYXRlRWwuc2V0QXR0cmlidXRlKCdkYXRldGltZScsIHRvZGF5LnRvSVNPU3RyaW5nKCkuc3BsaXQoJ1QnKVswXSk7DQogIH0NCg0KICAvLyBMb2FkIG92ZXJ2aWV3IGRhdGEsIHNhbGVzIGRhdGEsIGV0Yy4gaGVyZQ0KfTs=","resolved":"data:text/javascript;base64,d2luZG93Ll9fcGFnZUluaXQgPSBhc3luYyBmdW5jdGlvbiBpbml0T3ZlcnZpZXcoKSB7DQogIC8vIEV4YW1wbGU6IFNldCBjdXJyZW50IGRhdGUNCiAgY29uc3QgZGF0ZUVsID0gZG9jdW1lbnQuZ2V0RWxlbWVudEJ5SWQoJ2N1cnJlbnREYXRlJyk7DQogIGlmIChkYXRlRWwpIHsNCiAgICBjb25zdCB0b2RheSA9IG5ldyBEYXRlKCk7DQogICAgZGF0ZUVsLnRleHRDb250ZW50ID0gdG9kYXkudG9Mb2NhbGVEYXRlU3RyaW5nKCdlbi1VUycsIHsNCiAgICAgIHllYXI6ICdudW1lcmljJywgbW9udGg6ICdsb25nJywgZGF5OiAnbnVtZXJpYycNCiAgICB9KTsNCiAgICBkYXRlRWwuc2V0QXR0cmlidXRlKCdkYXRldGltZScsIHRvZGF5LnRvSVNPU3RyaW5nKCkuc3BsaXQoJ1QnKVswXSk7DQogIH0NCg0KICAvLyBMb2FkIG92ZXJ2aWV3IGRhdGEsIHNhbGVzIGRhdGEsIGV0Yy4gaGVyZQ0KfTs="}
[2026-03-27 01:24:07] [WARN] [layout.php] $content is missing or not a string — defaulting to empty. | context: {"type_given":"NULL"}
[2026-03-27 01:24:07] [INFO] [layout.php] $content is empty — nothing rendered in dashboard-section.
[2026-03-27 01:24:07] [ERROR] [layout.php] Local JS file not found — skipped. | context: {"path":"../../public/assets/js/super.js?v=20260311","resolved":"../../public/assets/js/super.js?v=20260311"}
[2026-03-27 01:24:07] [ERROR] [layout.php] Local JS file not found — skipped. | context: {"path":"data:text/javascript;base64,d2luZG93Ll9fcGFnZUluaXQgPSBhc3luYyBmdW5jdGlvbiBpbml0T3ZlcnZpZXcoKSB7DQogIC8vIEV4YW1wbGU6IFNldCBjdXJyZW50IGRhdGUNCiAgY29uc3QgZGF0ZUVsID0gZG9jdW1lbnQuZ2V0RWxlbWVudEJ5SWQoJ2N1cnJlbnREYXRlJyk7DQogIGlmIChkYXRlRWwpIHsNCiAgICBjb25zdCB0b2RheSA9IG5ldyBEYXRlKCk7DQogICAgZGF0ZUVsLnRleHRDb250ZW50ID0gdG9kYXkudG9Mb2NhbGVEYXRlU3RyaW5nKCdlbi1VUycsIHsNCiAgICAgIHllYXI6ICdudW1lcmljJywgbW9udGg6ICdsb25nJywgZGF5OiAnbnVtZXJpYycNCiAgICB9KTsNCiAgICBkYXRlRWwuc2V0QXR0cmlidXRlKCdkYXRldGltZScsIHRvZGF5LnRvSVNPU3RyaW5nKCkuc3BsaXQoJ1QnKVswXSk7DQogIH0NCg0KICAvLyBMb2FkIG92ZXJ2aWV3IGRhdGEsIHNhbGVzIGRhdGEsIGV0Yy4gaGVyZQ0KfTs=","resolved":"data:text/javascript;base64,d2luZG93Ll9fcGFnZUluaXQgPSBhc3luYyBmdW5jdGlvbiBpbml0T3ZlcnZpZXcoKSB7DQogIC8vIEV4YW1wbGU6IFNldCBjdXJyZW50IGRhdGUNCiAgY29uc3QgZGF0ZUVsID0gZG9jdW1lbnQuZ2V0RWxlbWVudEJ5SWQoJ2N1cnJlbnREYXRlJyk7DQogIGlmIChkYXRlRWwpIHsNCiAgICBjb25zdCB0b2RheSA9IG5ldyBEYXRlKCk7DQogICAgZGF0ZUVsLnRleHRDb250ZW50ID0gdG9kYXkudG9Mb2NhbGVEYXRlU3RyaW5nKCdlbi1VUycsIHsNCiAgICAgIHllYXI6ICdudW1lcmljJywgbW9udGg6ICdsb25nJywgZGF5OiAnbnVtZXJpYycNCiAgICB9KTsNCiAgICBkYXRlRWwuc2V0QXR0cmlidXRlKCdkYXRldGltZScsIHRvZGF5LnRvSVNPU3RyaW5nKCkuc3BsaXQoJ1QnKVswXSk7DQogIH0NCg0KICAvLyBMb2FkIG92ZXJ2aWV3IGRhdGEsIHNhbGVzIGRhdGEsIGV0Yy4gaGVyZQ0KfTs="}
[2026-03-27 01:42:40] [WARN] [layout.php] $content is missing or not a string — defaulting to empty. | context: {"type_given":"NULL"}
[2026-03-27 01:42:40] [INFO] [layout.php] $content is empty — nothing rendered in dashboard-section.
[2026-03-27 01:42:40] [ERROR] [layout.php] Local JS file not found — skipped. | context: {"path":"../../public/assets/js/super.js?v=20260311","resolved":"../../public/assets/js/super.js?v=20260311"}
[2026-03-27 01:44:41] [ERROR] [layout.php] Local JS file not found — skipped. | context: {"path":"../../public/assets/js/super.js?v=20260311","resolved":"../../public/assets/js/super.js?v=20260311"}
[2026-03-27 01:44:48] [ERROR] [layout.php] Local JS file not found — skipped. | context: {"path":"../../public/assets/js/super.js?v=20260311","resolved":"../../public/assets/js/super.js?v=20260311"}
[2026-03-27 01:44:50] [ERROR] [layout.php] Local JS file not found — skipped. | context: {"path":"../../public/assets/js/super.js?v=20260311","resolved":"../../public/assets/js/super.js?v=20260311"}
[2026-03-27 02:11:34] [ERROR] [layout.php] Local CSS file not found — skipped. | context: {"path":"../../public/css/general/root.css?v=1774577494","resolved":"../../public/css/general/root.css?v=1774577494"}
[2026-03-27 02:11:34] [ERROR] [layout.php] Local CSS file not found — skipped. | context: {"path":"../../public/css/general/layout.css?v=1774577494","resolved":"../../public/css/general/layout.css?v=1774577494"}
[2026-03-27 02:11:34] [ERROR] [layout.php] Local CSS file not found — skipped. | context: {"path":"../../public/css/components/header.css?v=1774577494","resolved":"../../public/css/components/header.css?v=1774577494"}
[2026-03-27 02:11:34] [ERROR] [layout.php] Local CSS file not found — skipped. | context: {"path":"../../public/css/components/sidebar.css?v=1774577494","resolved":"../../public/css/components/sidebar.css?v=1774577494"}
[2026-03-27 02:11:34] [ERROR] [layout.php] Local CSS file not found — skipped. | context: {"path":"../../public/css/app.css?v=1774577494","resolved":"../../public/css/app.css?v=1774577494"}
[2026-03-27 02:11:34] [ERROR] [layout.php] Local JS file not found — skipped. | context: {"path":"../../public/assets/js/default.js?v=1774577494","resolved":"../../public/assets/js/default.js?v=1774577494"}
[2026-03-27 02:11:34] [ERROR] [layout.php] Local JS file not found — skipped. | context: {"path":"../../node_modules/flyonui/flyonui.js?v=1774577494","resolved":"../../node_modules/flyonui/flyonui.js?v=1774577494"}
[2026-03-27 02:11:35] [ERROR] [layout.php] Local CSS file not found — skipped. | context: {"path":"../../public/css/general/root.css?v=1774577495","resolved":"../../public/css/general/root.css?v=1774577495"}
[2026-03-27 02:11:35] [ERROR] [layout.php] Local CSS file not found — skipped. | context: {"path":"../../public/css/general/layout.css?v=1774577495","resolved":"../../public/css/general/layout.css?v=1774577495"}
[2026-03-27 02:11:35] [ERROR] [layout.php] Local CSS file not found — skipped. | context: {"path":"../../public/css/components/header.css?v=1774577495","resolved":"../../public/css/components/header.css?v=1774577495"}
[2026-03-27 02:11:35] [ERROR] [layout.php] Local CSS file not found — skipped. | context: {"path":"../../public/css/components/sidebar.css?v=1774577495","resolved":"../../public/css/components/sidebar.css?v=1774577495"}
[2026-03-27 02:11:35] [ERROR] [layout.php] Local CSS file not found — skipped. | context: {"path":"../../public/css/app.css?v=1774577495","resolved":"../../public/css/app.css?v=1774577495"}
[2026-03-27 02:11:35] [ERROR] [layout.php] Local JS file not found — skipped. | context: {"path":"../../public/assets/js/default.js?v=1774577495","resolved":"../../public/assets/js/default.js?v=1774577495"}
[2026-03-27 02:11:35] [ERROR] [layout.php] Local JS file not found — skipped. | context: {"path":"../../node_modules/flyonui/flyonui.js?v=1774577495","resolved":"../../node_modules/flyonui/flyonui.js?v=1774577495"}
[2026-03-27 02:11:40] [ERROR] [layout.php] Local CSS file not found — skipped. | context: {"path":"../../public/css/general/root.css?v=1774577500","resolved":"../../public/css/general/root.css?v=1774577500"}
[2026-03-27 02:11:40] [ERROR] [layout.php] Local CSS file not found — skipped. | context: {"path":"../../public/css/general/layout.css?v=1774577500","resolved":"../../public/css/general/layout.css?v=1774577500"}
[2026-03-27 02:11:40] [ERROR] [layout.php] Local CSS file not found — skipped. | context: {"path":"../../public/css/components/header.css?v=1774577500","resolved":"../../public/css/components/header.css?v=1774577500"}
[2026-03-27 02:11:40] [ERROR] [layout.php] Local CSS file not found — skipped. | context: {"path":"../../public/css/components/sidebar.css?v=1774577500","resolved":"../../public/css/components/sidebar.css?v=1774577500"}
[2026-03-27 02:11:40] [ERROR] [layout.php] Local CSS file not found — skipped. | context: {"path":"../../public/css/app.css?v=1774577500","resolved":"../../public/css/app.css?v=1774577500"}
[2026-03-27 02:11:40] [ERROR] [layout.php] Local JS file not found — skipped. | context: {"path":"../../public/assets/js/default.js?v=1774577500","resolved":"../../public/assets/js/default.js?v=1774577500"}
[2026-03-27 02:11:40] [ERROR] [layout.php] Local JS file not found — skipped. | context: {"path":"../../node_modules/flyonui/flyonui.js?v=1774577500","resolved":"../../node_modules/flyonui/flyonui.js?v=1774577500"}
[2026-03-27 02:11:41] [ERROR] [layout.php] Local CSS file not found — skipped. | context: {"path":"../../public/css/general/root.css?v=1774577501","resolved":"../../public/css/general/root.css?v=1774577501"}
[2026-03-27 02:11:41] [ERROR] [layout.php] Local CSS file not found — skipped. | context: {"path":"../../public/css/general/layout.css?v=1774577501","resolved":"../../public/css/general/layout.css?v=1774577501"}
[2026-03-27 02:11:41] [ERROR] [layout.php] Local CSS file not found — skipped. | context: {"path":"../../public/css/components/header.css?v=1774577501","resolved":"../../public/css/components/header.css?v=1774577501"}
[2026-03-27 02:11:41] [ERROR] [layout.php] Local CSS file not found — skipped. | context: {"path":"../../public/css/components/sidebar.css?v=1774577501","resolved":"../../public/css/components/sidebar.css?v=1774577501"}
[2026-03-27 02:11:41] [ERROR] [layout.php] Local CSS file not found — skipped. | context: {"path":"../../public/css/app.css?v=1774577501","resolved":"../../public/css/app.css?v=1774577501"}
[2026-03-27 02:11:41] [ERROR] [layout.php] Local JS file not found — skipped. | context: {"path":"../../public/assets/js/default.js?v=1774577501","resolved":"../../public/assets/js/default.js?v=1774577501"}
[2026-03-27 02:11:41] [ERROR] [layout.php] Local JS file not found — skipped. | context: {"path":"../../node_modules/flyonui/flyonui.js?v=1774577501","resolved":"../../node_modules/flyonui/flyonui.js?v=1774577501"}
[2026-03-27 02:11:42] [ERROR] [layout.php] Local CSS file not found — skipped. | context: {"path":"../../public/css/general/root.css?v=1774577502","resolved":"../../public/css/general/root.css?v=1774577502"}
[2026-03-27 02:11:42] [ERROR] [layout.php] Local CSS file not found — skipped. | context: {"path":"../../public/css/general/layout.css?v=1774577502","resolved":"../../public/css/general/layout.css?v=1774577502"}
[2026-03-27 02:11:42] [ERROR] [layout.php] Local CSS file not found — skipped. | context: {"path":"../../public/css/components/header.css?v=1774577502","resolved":"../../public/css/components/header.css?v=1774577502"}
[2026-03-27 02:11:42] [ERROR] [layout.php] Local CSS file not found — skipped. | context: {"path":"../../public/css/components/sidebar.css?v=1774577502","resolved":"../../public/css/components/sidebar.css?v=1774577502"}
[2026-03-27 02:11:42] [ERROR] [layout.php] Local CSS file not found — skipped. | context: {"path":"../../public/css/app.css?v=1774577502","resolved":"../../public/css/app.css?v=1774577502"}
[2026-03-27 02:11:42] [ERROR] [layout.php] Local JS file not found — skipped. | context: {"path":"../../public/assets/js/default.js?v=1774577502","resolved":"../../public/assets/js/default.js?v=1774577502"}
[2026-03-27 02:11:42] [ERROR] [layout.php] Local JS file not found — skipped. | context: {"path":"../../node_modules/flyonui/flyonui.js?v=1774577502","resolved":"../../node_modules/flyonui/flyonui.js?v=1774577502"}
[2026-03-27 02:11:43] [ERROR] [layout.php] Local CSS file not found — skipped. | context: {"path":"../../public/css/general/root.css?v=1774577503","resolved":"../../public/css/general/root.css?v=1774577503"}
[2026-03-27 02:11:43] [ERROR] [layout.php] Local CSS file not found — skipped. | context: {"path":"../../public/css/general/layout.css?v=1774577503","resolved":"../../public/css/general/layout.css?v=1774577503"}
[2026-03-27 02:11:43] [ERROR] [layout.php] Local CSS file not found — skipped. | context: {"path":"../../public/css/components/header.css?v=1774577503","resolved":"../../public/css/components/header.css?v=1774577503"}
[2026-03-27 02:11:43] [ERROR] [layout.php] Local CSS file not found — skipped. | context: {"path":"../../public/css/components/sidebar.css?v=1774577503","resolved":"../../public/css/components/sidebar.css?v=1774577503"}
[2026-03-27 02:11:43] [ERROR] [layout.php] Local CSS file not found — skipped. | context: {"path":"../../public/css/app.css?v=1774577503","resolved":"../../public/css/app.css?v=1774577503"}
[2026-03-27 02:11:43] [ERROR] [layout.php] Local JS file not found — skipped. | context: {"path":"../../public/assets/js/default.js?v=1774577503","resolved":"../../public/assets/js/default.js?v=1774577503"}
[2026-03-27 02:11:43] [ERROR] [layout.php] Local JS file not found — skipped. | context: {"path":"../../node_modules/flyonui/flyonui.js?v=1774577503","resolved":"../../node_modules/flyonui/flyonui.js?v=1774577503"}
[2026-03-27 02:13:12] [ERROR] [layout.php] Local CSS file not found — skipped. | context: {"path":"../../public/css/general/root.css?v=1774332852","resolved":"../../public/css/general/root.css?v=1774332852"}
[2026-03-27 02:13:12] [ERROR] [layout.php] Local CSS file not found — skipped. | context: {"path":"../../public/css/general/layout.css?v=1774577414","resolved":"../../public/css/general/layout.css?v=1774577414"}
[2026-03-27 02:13:12] [ERROR] [layout.php] Local CSS file not found — skipped. | context: {"path":"../../public/css/components/header.css?v=1774340065","resolved":"../../public/css/components/header.css?v=1774340065"}
[2026-03-27 02:13:12] [ERROR] [layout.php] Local CSS file not found — skipped. | context: {"path":"../../public/css/components/sidebar.css?v=1774424565","resolved":"../../public/css/components/sidebar.css?v=1774424565"}
[2026-03-27 02:13:12] [ERROR] [layout.php] Local CSS file not found — skipped. | context: {"path":"../../public/css/app.css?v=1774336441","resolved":"../../public/css/app.css?v=1774336441"}
[2026-03-27 02:13:12] [ERROR] [layout.php] Local JS file not found — skipped. | context: {"path":"../../public/assets/js/default.js?v=1774421201","resolved":"../../public/assets/js/default.js?v=1774421201"}
[2026-03-27 02:13:12] [ERROR] [layout.php] Local JS file not found — skipped. | context: {"path":"../../node_modules/flyonui/flyonui.js?v=1774314694","resolved":"../../node_modules/flyonui/flyonui.js?v=1774314694"}
[2026-03-27 02:13:13] [ERROR] [layout.php] Local CSS file not found — skipped. | context: {"path":"../../public/css/general/root.css?v=1774332852","resolved":"../../public/css/general/root.css?v=1774332852"}
[2026-03-27 02:13:13] [ERROR] [layout.php] Local CSS file not found — skipped. | context: {"path":"../../public/css/general/layout.css?v=1774577414","resolved":"../../public/css/general/layout.css?v=1774577414"}
[2026-03-27 02:13:13] [ERROR] [layout.php] Local CSS file not found — skipped. | context: {"path":"../../public/css/components/header.css?v=1774340065","resolved":"../../public/css/components/header.css?v=1774340065"}
[2026-03-27 02:13:13] [ERROR] [layout.php] Local CSS file not found — skipped. | context: {"path":"../../public/css/components/sidebar.css?v=1774424565","resolved":"../../public/css/components/sidebar.css?v=1774424565"}
[2026-03-27 02:13:13] [ERROR] [layout.php] Local CSS file not found — skipped. | context: {"path":"../../public/css/app.css?v=1774336441","resolved":"../../public/css/app.css?v=1774336441"}
[2026-03-27 02:13:13] [ERROR] [layout.php] Local JS file not found — skipped. | context: {"path":"../../public/assets/js/default.js?v=1774421201","resolved":"../../public/assets/js/default.js?v=1774421201"}
[2026-03-27 02:13:13] [ERROR] [layout.php] Local JS file not found — skipped. | context: {"path":"../../node_modules/flyonui/flyonui.js?v=1774314694","resolved":"../../node_modules/flyonui/flyonui.js?v=1774314694"}
[2026-03-27 02:13:13] [ERROR] [layout.php] Local CSS file not found — skipped. | context: {"path":"../../public/css/general/root.css?v=1774332852","resolved":"../../public/css/general/root.css?v=1774332852"}
[2026-03-27 02:13:13] [ERROR] [layout.php] Local CSS file not found — skipped. | context: {"path":"../../public/css/general/layout.css?v=1774577414","resolved":"../../public/css/general/layout.css?v=1774577414"}
[2026-03-27 02:13:13] [ERROR] [layout.php] Local CSS file not found — skipped. | context: {"path":"../../public/css/components/header.css?v=1774340065","resolved":"../../public/css/components/header.css?v=1774340065"}
[2026-03-27 02:13:13] [ERROR] [layout.php] Local CSS file not found — skipped. | context: {"path":"../../public/css/components/sidebar.css?v=1774424565","resolved":"../../public/css/components/sidebar.css?v=1774424565"}
[2026-03-27 02:13:13] [ERROR] [layout.php] Local CSS file not found — skipped. | context: {"path":"../../public/css/app.css?v=1774336441","resolved":"../../public/css/app.css?v=1774336441"}
[2026-03-27 02:13:13] [ERROR] [layout.php] Local JS file not found — skipped. | context: {"path":"../../public/assets/js/default.js?v=1774421201","resolved":"../../public/assets/js/default.js?v=1774421201"}
[2026-03-27 02:13:13] [ERROR] [layout.php] Local JS file not found — skipped. | context: {"path":"../../node_modules/flyonui/flyonui.js?v=1774314694","resolved":"../../node_modules/flyonui/flyonui.js?v=1774314694"}
[2026-03-27 02:13:13] [ERROR] [layout.php] Local CSS file not found — skipped. | context: {"path":"../../public/css/general/root.css?v=1774332852","resolved":"../../public/css/general/root.css?v=1774332852"}
[2026-03-27 02:13:13] [ERROR] [layout.php] Local CSS file not found — skipped. | context: {"path":"../../public/css/general/layout.css?v=1774577414","resolved":"../../public/css/general/layout.css?v=1774577414"}
[2026-03-27 02:13:13] [ERROR] [layout.php] Local CSS file not found — skipped. | context: {"path":"../../public/css/components/header.css?v=1774340065","resolved":"../../public/css/components/header.css?v=1774340065"}
[2026-03-27 02:13:13] [ERROR] [layout.php] Local CSS file not found — skipped. | context: {"path":"../../public/css/components/sidebar.css?v=1774424565","resolved":"../../public/css/components/sidebar.css?v=1774424565"}
[2026-03-27 02:13:13] [ERROR] [layout.php] Local CSS file not found — skipped. | context: {"path":"../../public/css/app.css?v=1774336441","resolved":"../../public/css/app.css?v=1774336441"}
[2026-03-27 02:13:13] [ERROR] [layout.php] Local JS file not found — skipped. | context: {"path":"../../public/assets/js/default.js?v=1774421201","resolved":"../../public/assets/js/default.js?v=1774421201"}
[2026-03-27 02:13:13] [ERROR] [layout.php] Local JS file not found — skipped. | context: {"path":"../../node_modules/flyonui/flyonui.js?v=1774314694","resolved":"../../node_modules/flyonui/flyonui.js?v=1774314694"}
[2026-03-27 02:13:13] [ERROR] [layout.php] Local CSS file not found — skipped. | context: {"path":"../../public/css/general/root.css?v=1774332852","resolved":"../../public/css/general/root.css?v=1774332852"}
[2026-03-27 02:13:13] [ERROR] [layout.php] Local CSS file not found — skipped. | context: {"path":"../../public/css/general/layout.css?v=1774577414","resolved":"../../public/css/general/layout.css?v=1774577414"}
[2026-03-27 02:13:13] [ERROR] [layout.php] Local CSS file not found — skipped. | context: {"path":"../../public/css/components/header.css?v=1774340065","resolved":"../../public/css/components/header.css?v=1774340065"}
[2026-03-27 02:13:13] [ERROR] [layout.php] Local CSS file not found — skipped. | context: {"path":"../../public/css/components/sidebar.css?v=1774424565","resolved":"../../public/css/components/sidebar.css?v=1774424565"}
[2026-03-27 02:13:13] [ERROR] [layout.php] Local CSS file not found — skipped. | context: {"path":"../../public/css/app.css?v=1774336441","resolved":"../../public/css/app.css?v=1774336441"}
[2026-03-27 02:13:13] [ERROR] [layout.php] Local JS file not found — skipped. | context: {"path":"../../public/assets/js/default.js?v=1774421201","resolved":"../../public/assets/js/default.js?v=1774421201"}
[2026-03-27 02:13:13] [ERROR] [layout.php] Local JS file not found — skipped. | context: {"path":"../../node_modules/flyonui/flyonui.js?v=1774314694","resolved":"../../node_modules/flyonui/flyonui.js?v=1774314694"}
[2026-03-27 02:13:13] [ERROR] [layout.php] Local CSS file not found — skipped. | context: {"path":"../../public/css/general/root.css?v=1774332852","resolved":"../../public/css/general/root.css?v=1774332852"}
[2026-03-27 02:13:13] [ERROR] [layout.php] Local CSS file not found — skipped. | context: {"path":"../../public/css/general/layout.css?v=1774577414","resolved":"../../public/css/general/layout.css?v=1774577414"}
[2026-03-27 02:13:13] [ERROR] [layout.php] Local CSS file not found — skipped. | context: {"path":"../../public/css/components/header.css?v=1774340065","resolved":"../../public/css/components/header.css?v=1774340065"}
[2026-03-27 02:13:13] [ERROR] [layout.php] Local CSS file not found — skipped. | context: {"path":"../../public/css/components/sidebar.css?v=1774424565","resolved":"../../public/css/components/sidebar.css?v=1774424565"}
[2026-03-27 02:13:13] [ERROR] [layout.php] Local CSS file not found — skipped. | context: {"path":"../../public/css/app.css?v=1774336441","resolved":"../../public/css/app.css?v=1774336441"}
[2026-03-27 02:13:13] [ERROR] [layout.php] Local JS file not found — skipped. | context: {"path":"../../public/assets/js/default.js?v=1774421201","resolved":"../../public/assets/js/default.js?v=1774421201"}
[2026-03-27 02:13:13] [ERROR] [layout.php] Local JS file not found — skipped. | context: {"path":"../../node_modules/flyonui/flyonui.js?v=1774314694","resolved":"../../node_modules/flyonui/flyonui.js?v=1774314694"}
[2026-03-27 02:13:13] [ERROR] [layout.php] Local CSS file not found — skipped. | context: {"path":"../../public/css/general/root.css?v=1774332852","resolved":"../../public/css/general/root.css?v=1774332852"}
[2026-03-27 02:13:13] [ERROR] [layout.php] Local CSS file not found — skipped. | context: {"path":"../../public/css/general/layout.css?v=1774577414","resolved":"../../public/css/general/layout.css?v=1774577414"}
[2026-03-27 02:13:13] [ERROR] [layout.php] Local CSS file not found — skipped. | context: {"path":"../../public/css/components/header.css?v=1774340065","resolved":"../../public/css/components/header.css?v=1774340065"}
[2026-03-27 02:13:13] [ERROR] [layout.php] Local CSS file not found — skipped. | context: {"path":"../../public/css/components/sidebar.css?v=1774424565","resolved":"../../public/css/components/sidebar.css?v=1774424565"}
[2026-03-27 02:13:13] [ERROR] [layout.php] Local CSS file not found — skipped. | context: {"path":"../../public/css/app.css?v=1774336441","resolved":"../../public/css/app.css?v=1774336441"}
[2026-03-27 02:13:13] [ERROR] [layout.php] Local JS file not found — skipped. | context: {"path":"../../public/assets/js/default.js?v=1774421201","resolved":"../../public/assets/js/default.js?v=1774421201"}
[2026-03-27 02:13:13] [ERROR] [layout.php] Local JS file not found — skipped. | context: {"path":"../../node_modules/flyonui/flyonui.js?v=1774314694","resolved":"../../node_modules/flyonui/flyonui.js?v=1774314694"}
[2026-03-27 02:13:14] [ERROR] [layout.php] Local CSS file not found — skipped. | context: {"path":"../../public/css/general/root.css?v=1774332852","resolved":"../../public/css/general/root.css?v=1774332852"}
[2026-03-27 02:13:14] [ERROR] [layout.php] Local CSS file not found — skipped. | context: {"path":"../../public/css/general/layout.css?v=1774577414","resolved":"../../public/css/general/layout.css?v=1774577414"}
[2026-03-27 02:13:14] [ERROR] [layout.php] Local CSS file not found — skipped. | context: {"path":"../../public/css/components/header.css?v=1774340065","resolved":"../../public/css/components/header.css?v=1774340065"}
[2026-03-27 02:13:14] [ERROR] [layout.php] Local CSS file not found — skipped. | context: {"path":"../../public/css/components/sidebar.css?v=1774424565","resolved":"../../public/css/components/sidebar.css?v=1774424565"}
[2026-03-27 02:13:14] [ERROR] [layout.php] Local CSS file not found — skipped. | context: {"path":"../../public/css/app.css?v=1774336441","resolved":"../../public/css/app.css?v=1774336441"}
[2026-03-27 02:13:14] [ERROR] [layout.php] Local JS file not found — skipped. | context: {"path":"../../public/assets/js/default.js?v=1774421201","resolved":"../../public/assets/js/default.js?v=1774421201"}
[2026-03-27 02:13:14] [ERROR] [layout.php] Local JS file not found — skipped. | context: {"path":"../../node_modules/flyonui/flyonui.js?v=1774314694","resolved":"../../node_modules/flyonui/flyonui.js?v=1774314694"}
[2026-03-27 02:14:54] [ERROR] [layout.php] Local CSS file not found — skipped. | context: {"path":"../../public/css/general/root.css?v=1774332852","resolved":"../../public/css/general/root.css?v=1774332852"}
[2026-03-27 02:14:54] [ERROR] [layout.php] Local CSS file not found — skipped. | context: {"path":"../../public/css/general/layout.css?v=1774577414","resolved":"../../public/css/general/layout.css?v=1774577414"}
[2026-03-27 02:14:54] [ERROR] [layout.php] Local CSS file not found — skipped. | context: {"path":"../../public/css/components/header.css?v=1774340065","resolved":"../../public/css/components/header.css?v=1774340065"}
[2026-03-27 02:14:54] [ERROR] [layout.php] Local CSS file not found — skipped. | context: {"path":"../../public/css/components/sidebar.css?v=1774424565","resolved":"../../public/css/components/sidebar.css?v=1774424565"}
[2026-03-27 02:14:54] [ERROR] [layout.php] Local CSS file not found — skipped. | context: {"path":"../../public/css/app.css?v=1774336441","resolved":"../../public/css/app.css?v=1774336441"}
[2026-03-27 02:14:54] [ERROR] [layout.php] Local JS file not found — skipped. | context: {"path":"../../public/assets/js/default.js?v=1774421201","resolved":"../../public/assets/js/default.js?v=1774421201"}
[2026-03-27 02:14:54] [ERROR] [layout.php] Local JS file not found — skipped. | context: {"path":"../../node_modules/flyonui/flyonui.js?v=1774314694","resolved":"../../node_modules/flyonui/flyonui.js?v=1774314694"}
[2026-03-27 05:06:01] [ERROR] [layout.php] Local JS file not found — skipped. | context: {"path":"../../../node_modules/flyonui/flyonui.js","resolved":"../../../node_modules/flyonui/flyonui.js"}
[2026-03-27 05:14:12] [ERROR] [layout.php] Local JS file not found — skipped. | context: {"path":"/public/vendor/flyonui/flyonui.js","resolved":"/public/vendor/flyonui/flyonui.js"}
[2026-03-27 05:14:12] [ERROR] [layout.php] Local JS file not found — skipped. | context: {"path":"/public/assets/js/default.js","resolved":"/public/assets/js/default.js"}
[2026-03-27 05:14:12] [ERROR] [layout.php] Local JS file not found — skipped. | context: {"path":"/public/vendor/flyonui/flyonui.js","resolved":"/public/vendor/flyonui/flyonui.js"}
[2026-03-27 05:14:12] [ERROR] [layout.php] Local JS file not found — skipped. | context: {"path":"/public/assets/js/default.js","resolved":"/public/assets/js/default.js"}
[2026-03-27 05:14:12] [ERROR] [layout.php] Local JS file not found — skipped. | context: {"path":"/public/vendor/flyonui/flyonui.js","resolved":"/public/vendor/flyonui/flyonui.js"}
[2026-03-27 05:14:12] [ERROR] [layout.php] Local JS file not found — skipped. | context: {"path":"/public/assets/js/default.js","resolved":"/public/assets/js/default.js"}
[2026-03-27 05:14:12] [ERROR] [layout.php] Local JS file not found — skipped. | context: {"path":"/public/vendor/flyonui/flyonui.js","resolved":"/public/vendor/flyonui/flyonui.js"}
[2026-03-27 05:14:12] [ERROR] [layout.php] Local JS file not found — skipped. | context: {"path":"/public/assets/js/default.js","resolved":"/public/assets/js/default.js"}
[2026-03-27 14:11:39] [ERROR] [layout.php] Local JS file not found — skipped. | context: {"path":"../../public/assets/js/preline.js","resolved":"../../public/assets/js/preline.js"}
[2026-03-27 14:39:15] [ERROR] [layout.php] Local JS file not found — skipped. | context: {"path":"../../../node_modules/preline/preline.js","resolved":"../../../node_modules/preline/preline.js"}
[2026-03-27 14:39:15] [ERROR] [layout.php] Local JS file not found — skipped. | context: {"path":"../../../node_modules/preline/preline.js","resolved":"../../../node_modules/preline/preline.js"}
[2026-03-27 14:39:16] [ERROR] [layout.php] Local JS file not found — skipped. | context: {"path":"../../../node_modules/preline/preline.js","resolved":"../../../node_modules/preline/preline.js"}
[2026-03-27 14:39:16] [ERROR] [layout.php] Local JS file not found — skipped. | context: {"path":"../../../node_modules/preline/preline.js","resolved":"../../../node_modules/preline/preline.js"}
[2026-03-27 14:39:16] [ERROR] [layout.php] Local JS file not found — skipped. | context: {"path":"../../../node_modules/preline/preline.js","resolved":"../../../node_modules/preline/preline.js"}
[2026-03-27 14:39:16] [ERROR] [layout.php] Local JS file not found — skipped. | context: {"path":"../../../node_modules/preline/preline.js","resolved":"../../../node_modules/preline/preline.js"}
[2026-03-27 14:39:17] [ERROR] [layout.php] Local JS file not found — skipped. | context: {"path":"../../../node_modules/preline/preline.js","resolved":"../../../node_modules/preline/preline.js"}
[2026-03-27 14:47:37] [ERROR] [layout.php] Local JS file not found — skipped. | context: {"path":"../../../node_modules/preline/preline.js","resolved":"../../../node_modules/preline/preline.js"}
[2026-03-27 15:23:00] [ERROR] [layout.php] Local JS file not found — skipped. | context: {"path":"../../../node_modules/preline/preline.js","resolved":"../../../node_modules/preline/preline.js"}
[2026-03-27 15:23:00] [ERROR] [layout.php] Local JS file not found — skipped. | context: {"path":"../../../node_modules/preline/preline.js","resolved":"../../../node_modules/preline/preline.js"}
[2026-03-27 15:23:00] [ERROR] [layout.php] Local JS file not found — skipped. | context: {"path":"../../../node_modules/preline/preline.js","resolved":"../../../node_modules/preline/preline.js"}
[2026-03-27 15:24:21] [ERROR] [layout.php] Local JS file not found — skipped. | context: {"path":"../../../node_modules/preline/preline.js","resolved":"../../../node_modules/preline/preline.js"}
[2026-03-27 15:24:21] [ERROR] [layout.php] Local JS file not found — skipped. | context: {"path":"../../../node_modules/preline/preline.js","resolved":"../../../node_modules/preline/preline.js"}
[2026-03-27 15:24:22] [ERROR] [layout.php] Local JS file not found — skipped. | context: {"path":"../../../node_modules/preline/preline.js","resolved":"../../../node_modules/preline/preline.js"}
[2026-03-27 15:24:22] [ERROR] [layout.php] Local JS file not found — skipped. | context: {"path":"../../../node_modules/preline/preline.js","resolved":"../../../node_modules/preline/preline.js"}
[2026-03-27 15:28:50] [ERROR] [layout.php] Local JS file not found — skipped. | context: {"path":"../../../node_modules/preline/preline.js","resolved":"../../../node_modules/preline/preline.js"}
[2026-03-27 15:28:51] [ERROR] [layout.php] Local JS file not found — skipped. | context: {"path":"../../../node_modules/preline/preline.js","resolved":"../../../node_modules/preline/preline.js"}
[2026-03-27 15:28:52] [ERROR] [layout.php] Local JS file not found — skipped. | context: {"path":"../../../node_modules/preline/preline.js","resolved":"../../../node_modules/preline/preline.js"}
[2026-03-27 15:28:53] [ERROR] [layout.php] Local JS file not found — skipped. | context: {"path":"../../../node_modules/preline/preline.js","resolved":"../../../node_modules/preline/preline.js"}
[2026-03-27 15:29:06] [ERROR] [layout.php] Local JS file not found — skipped. | context: {"path":"../../../node_modules/preline/preline.js","resolved":"../../../node_modules/preline/preline.js"}
[2026-03-27 15:29:08] [ERROR] [layout.php] Local JS file not found — skipped. | context: {"path":"../../../node_modules/preline/preline.js","resolved":"../../../node_modules/preline/preline.js"}
[2026-03-27 15:29:09] [ERROR] [layout.php] Local JS file not found — skipped. | context: {"path":"../../../node_modules/preline/preline.js","resolved":"../../../node_modules/preline/preline.js"}
[2026-03-27 15:29:20] [ERROR] [layout.php] Local JS file not found — skipped. | context: {"path":"../../../node_modules/preline/preline.js","resolved":"../../../node_modules/preline/preline.js"}
[2026-03-27 15:29:20] [ERROR] [layout.php] Local JS file not found — skipped. | context: {"path":"../../../node_modules/preline/preline.js","resolved":"../../../node_modules/preline/preline.js"}
[2026-03-27 15:29:21] [ERROR] [layout.php] Local JS file not found — skipped. | context: {"path":"../../../node_modules/preline/preline.js","resolved":"../../../node_modules/preline/preline.js"}
[2026-03-27 15:29:46] [ERROR] [layout.php] Local JS file not found — skipped. | context: {"path":"../../../node_modules/preline/preline.js","resolved":"../../../node_modules/preline/preline.js"}
[2026-03-27 15:29:46] [ERROR] [layout.php] Local JS file not found — skipped. | context: {"path":"../../../node_modules/preline/preline.js","resolved":"../../../node_modules/preline/preline.js"}
[2026-03-27 15:29:47] [ERROR] [layout.php] Local JS file not found — skipped. | context: {"path":"../../../node_modules/preline/preline.js","resolved":"../../../node_modules/preline/preline.js"}
[2026-03-27 15:29:47] [ERROR] [layout.php] Local JS file not found — skipped. | context: {"path":"../../../node_modules/preline/preline.js","resolved":"../../../node_modules/preline/preline.js"}
[2026-03-27 15:29:47] [ERROR] [layout.php] Local JS file not found — skipped. | context: {"path":"../../../node_modules/preline/preline.js","resolved":"../../../node_modules/preline/preline.js"}
[2026-03-27 15:29:47] [ERROR] [layout.php] Local JS file not found — skipped. | context: {"path":"../../../node_modules/preline/preline.js","resolved":"../../../node_modules/preline/preline.js"}
[2026-03-27 15:29:47] [ERROR] [layout.php] Local JS file not found — skipped. | context: {"path":"../../../node_modules/preline/preline.js","resolved":"../../../node_modules/preline/preline.js"}
[2026-03-27 15:29:47] [ERROR] [layout.php] Local JS file not found — skipped. | context: {"path":"../../../node_modules/preline/preline.js","resolved":"../../../node_modules/preline/preline.js"}
[2026-03-27 15:29:47] [ERROR] [layout.php] Local JS file not found — skipped. | context: {"path":"../../../node_modules/preline/preline.js","resolved":"../../../node_modules/preline/preline.js"}
[2026-03-27 15:29:48] [ERROR] [layout.php] Local JS file not found — skipped. | context: {"path":"../../../node_modules/preline/preline.js","resolved":"../../../node_modules/preline/preline.js"}
[2026-03-27 15:29:55] [ERROR] [layout.php] Local JS file not found — skipped. | context: {"path":"../../../node_modules/preline/preline.js","resolved":"../../../node_modules/preline/preline.js"}
[2026-03-27 15:29:55] [ERROR] [layout.php] Local JS file not found — skipped. | context: {"path":"../../../node_modules/preline/preline.js","resolved":"../../../node_modules/preline/preline.js"}
[2026-03-27 15:29:56] [ERROR] [layout.php] Local JS file not found — skipped. | context: {"path":"../../../node_modules/preline/preline.js","resolved":"../../../node_modules/preline/preline.js"}
[2026-03-27 15:29:56] [ERROR] [layout.php] Local JS file not found — skipped. | context: {"path":"../../../node_modules/preline/preline.js","resolved":"../../../node_modules/preline/preline.js"}
[2026-03-27 15:30:37] [ERROR] [layout.php] Local CSS file not found — skipped. | context: {"path":"../../public/css/app.css?v=1774594595","resolved":"../../public/css/app.css?v=1774594595"}
[2026-03-27 15:30:37] [ERROR] [layout.php] Local CSS file not found — skipped. | context: {"path":"../../public/css/general/layout.css?v=1774596528","resolved":"../../public/css/general/layout.css?v=1774596528"}
[2026-03-27 15:30:37] [ERROR] [layout.php] Local CSS file not found — skipped. | context: {"path":"../../public/css/components/header.css?v=1774596133","resolved":"../../public/css/components/header.css?v=1774596133"}
[2026-03-27 15:30:37] [ERROR] [layout.php] Local CSS file not found — skipped. | context: {"path":"../../public/css/components/sidebar.css?v=1774581556","resolved":"../../public/css/components/sidebar.css?v=1774581556"}
[2026-03-27 15:30:37] [ERROR] [layout.php] Local JS file not found — skipped. | context: {"path":"../../../node_modules/preline/preline.js","resolved":"../../../node_modules/preline/preline.js"}
[2026-03-27 15:30:39] [ERROR] [layout.php] Local CSS file not found — skipped. | context: {"path":"../../public/css/app.css?v=1774594595","resolved":"../../public/css/app.css?v=1774594595"}
[2026-03-27 15:30:39] [ERROR] [layout.php] Local CSS file not found — skipped. | context: {"path":"../../public/css/general/layout.css?v=1774596528","resolved":"../../public/css/general/layout.css?v=1774596528"}
[2026-03-27 15:30:39] [ERROR] [layout.php] Local CSS file not found — skipped. | context: {"path":"../../public/css/components/header.css?v=1774596133","resolved":"../../public/css/components/header.css?v=1774596133"}
[2026-03-27 15:30:39] [ERROR] [layout.php] Local CSS file not found — skipped. | context: {"path":"../../public/css/components/sidebar.css?v=1774581556","resolved":"../../public/css/components/sidebar.css?v=1774581556"}
[2026-03-27 15:30:39] [ERROR] [layout.php] Local JS file not found — skipped. | context: {"path":"../../../node_modules/preline/preline.js","resolved":"../../../node_modules/preline/preline.js"}
[2026-03-27 15:30:40] [ERROR] [layout.php] Local CSS file not found — skipped. | context: {"path":"../../public/css/app.css?v=1774594595","resolved":"../../public/css/app.css?v=1774594595"}
[2026-03-27 15:30:40] [ERROR] [layout.php] Local CSS file not found — skipped. | context: {"path":"../../public/css/general/layout.css?v=1774596528","resolved":"../../public/css/general/layout.css?v=1774596528"}
[2026-03-27 15:30:40] [ERROR] [layout.php] Local CSS file not found — skipped. | context: {"path":"../../public/css/components/header.css?v=1774596133","resolved":"../../public/css/components/header.css?v=1774596133"}
[2026-03-27 15:30:40] [ERROR] [layout.php] Local CSS file not found — skipped. | context: {"path":"../../public/css/components/sidebar.css?v=1774581556","resolved":"../../public/css/components/sidebar.css?v=1774581556"}
[2026-03-27 15:30:40] [ERROR] [layout.php] Local JS file not found — skipped. | context: {"path":"../../../node_modules/preline/preline.js","resolved":"../../../node_modules/preline/preline.js"}
[2026-03-27 15:43:14] [ERROR] [layout.php] Asset not found | context: {"path":"public/css/app.css"}
[2026-03-27 15:43:14] [ERROR] [layout.php] Asset not found | context: {"path":"public/css/general/layout.css"}
[2026-03-27 15:43:14] [ERROR] [layout.php] Asset not found | context: {"path":"public/css/components/header.css"}
[2026-03-27 15:43:14] [ERROR] [layout.php] Asset not found | context: {"path":"public/css/components/sidebar.css"}
[2026-03-27 15:43:14] [ERROR] [layout.php] Asset not found | context: {"path":"public/assets/js/default.js"}
[2026-03-27 15:43:17] [ERROR] [layout.php] Asset not found | context: {"path":"public/css/app.css"}
[2026-03-27 15:43:17] [ERROR] [layout.php] Asset not found | context: {"path":"public/css/general/layout.css"}
[2026-03-27 15:43:17] [ERROR] [layout.php] Asset not found | context: {"path":"public/css/components/header.css"}
[2026-03-27 15:43:17] [ERROR] [layout.php] Asset not found | context: {"path":"public/css/components/sidebar.css"}
[2026-03-27 15:43:17] [ERROR] [layout.php] Asset not found | context: {"path":"public/assets/js/default.js"}
